%% problem detected for jacop_table_int
%% Out of memory error; consider option -Xmx... for JVM
