%%	java.lang.ArithmeticException: Too large bounds on intervals 104..136000000
