%%	java.lang.ArithmeticException: Too large bounds on intervals 207..300000000
