%%	java.lang.ArithmeticException: Too large bounds on intervals 182..325000000
