%%	java.lang.ArithmeticException: Too large bounds on intervals 268..153000000
