%%	java.lang.ArithmeticException: Too large bounds on intervals 294..528000000
