x = array1d(7..23, [0, 0, 0, 0, 0, 1, 2, 1, 0, 1, 2, 1, 0, 1, 2, 1, 3]);
dists = array1d(1..3, [20, 4, 0]);
----------
%% =====TIME-OUT=====
