%% problem detected for int_lin_le
=====UNSATISFIABLE=====
