%%	java.lang.ArithmeticException: Too large bounds on intervals 0..159002874
